Wikipedia country-topic target: keep 1000 existing pages, aim for 1000 each of United States / Germany / Australia.
Started Wikipedia crawl in the background (per-topic maxPages=1000, depth=4).
Deferring score of Started GDELT crawl in the background (maxPages=1000, depth=8).
1000 already-stored Wikipedia pages until country crawl flushes.
Serving UI from C:\Users\sgoya\Downloads\KnowledgeOS\KnowledgeOS\web
KnowledgeOS listening on http://0.0.0.0:8080
Database: C:\Users\sgoya\Downloads\KnowledgeOS\KnowledgeOS\data\knowledgeos.db
Crawling English Wikipedia (United States / Germany / Australia, 1000 each). Already stored=1000 per-topic cap=1000 USA=2 Germany=0 Australia=0
Crawling GDELT (United States / Germany / Australia, 1000 each). Already stored=1058 per-topic cap=1000 USA=100 Germany=0 Australia=0
Harvesting GDELT DOC API news for United States (have 100, want 1000).
Wikipedia queued 624 URLs from Category:United_States
Wikipedia queued 625 URLs from Category:Geography_of_the_United_States
Wikipedia queued 626 URLs from Category:States_of_the_United_States
Wikipedia queued 627 URLs from Category:Cities_in_the_United_States
Wikipedia queued 628 URLs from Category:Populated_places_in_the_United_States
Wikipedia BFS United States from en.wikipedia.org (have 2, want 1000).
GDELT DOC API 429, retry in 20000ms
GDELT DOC API 429, retry in 40000ms
GDELT DOC API 429, retry in 80000ms
GDELT DOC API 429, retry in 120000ms
